AR game_funct behavioral /home/student1/sshahwar/Desktop/Pong_Game_Coe758/Pong_Game/Game_Funct.vhd sub00/vhpl01 1731946120
AR game behavioral /home/student1/sshahwar/Desktop/Pong_Game_Coe758/Pong_Game/Game_Funct.vhd sub00/vhpl03 1731464912
EN game NULL /home/student1/sshahwar/Desktop/Pong_Game_Coe758/Pong_Game/Game_Funct.vhd sub00/vhpl02 1731464911
EN game_funct NULL /home/student1/sshahwar/Desktop/Pong_Game_Coe758/Pong_Game/Game_Funct.vhd sub00/vhpl00 1731946119
