V3 3
FL /home/student1/sshahwar/Desktop/Pong_Game_Coe758/Pong_Game/Game_Funct.vhd 2024/11/18.11:08:35 O.87xd
EN work/Game_Funct 1731946119 \
      FL /home/student1/sshahwar/Desktop/Pong_Game_Coe758/Pong_Game/Game_Funct.vhd \
      PB ieee/std_logic_1164 1325952872 PB ieee/std_logic_arith 1325952873 \
      PB ieee/STD_LOGIC_UNSIGNED 1325952875 PB ieee/NUMERIC_STD 1325952877
AR work/Game_Funct/Behavioral 1731946120 \
      FL /home/student1/sshahwar/Desktop/Pong_Game_Coe758/Pong_Game/Game_Funct.vhd \
      EN work/Game_Funct 1731946119
